// Jest Snapshot v1, https://goo.gl/fbAQLP

exports[`event propagation 1`] = `
[
  {
    "max": 0,
    "min": 0,
    "source": undefined,
  },
  {
    "max": 0,
    "min": 0,
    "source": undefined,
  },
  {
    "max": 0,
    "min": 0,
    "source": undefined,
  },
  {
    "max": 0,
    "min": 0,
    "source": undefined,
  },
]
`;

exports[`event propagation 2`] = `
[
  {
    "max": 1,
    "min": 1,
    "source": undefined,
  },
  {
    "max": 1,
    "min": 1,
    "source": undefined,
  },
  {
    "max": 1,
    "min": 1,
    "source": undefined,
  },
  {
    "max": 1,
    "min": 1,
    "source": undefined,
  },
]
`;
