// Jest Snapshot v1, https://goo.gl/fbAQLP

exports[`instruction set similarity without hash values 1`] = `
[
  [
    0,
    0,
    "root",
  ],
  [
    0,
    1,
    "sin",
  ],
  [
    0,
    2,
    "mul",
  ],
  [
    0,
    3,
    "const",
  ],
  [
    0,
    4,
    "phasor",
  ],
  [
    0,
    5,
    "const",
  ],
  [
    2,
    0,
    1,
  ],
  [
    2,
    1,
    2,
  ],
  [
    2,
    2,
    3,
  ],
  [
    2,
    2,
    4,
  ],
  [
    2,
    4,
    5,
  ],
  [
    3,
    0,
    "channel",
    0,
  ],
  [
    3,
    3,
    "value",
    6.283185307179586,
  ],
  [
    3,
    5,
    "value",
    440,
  ],
  [
    4,
    [
      0,
    ],
  ],
  [
    5,
  ],
]
`;

exports[`instruction set similarity without hash values 2 1`] = `
[
  [
    0,
    0,
    "root",
  ],
  [
    0,
    1,
    "mul",
  ],
  [
    0,
    2,
    "const",
  ],
  [
    0,
    3,
    "svf",
  ],
  [
    0,
    4,
    "add",
  ],
  [
    0,
    5,
    "const",
  ],
  [
    0,
    6,
    "mul",
  ],
  [
    0,
    7,
    "const",
  ],
  [
    0,
    8,
    "mul",
  ],
  [
    0,
    9,
    "add",
  ],
  [
    0,
    10,
    "pole",
  ],
  [
    0,
    11,
    "const",
  ],
  [
    0,
    12,
    "mul",
  ],
  [
    0,
    13,
    "const",
  ],
  [
    0,
    14,
    "sin",
  ],
  [
    0,
    15,
    "mul",
  ],
  [
    0,
    16,
    "const",
  ],
  [
    0,
    17,
    "phasor",
  ],
  [
    0,
    18,
    "const",
  ],
  [
    0,
    19,
    "exp",
  ],
  [
    0,
    20,
    "mul",
  ],
  [
    0,
    21,
    "div",
  ],
  [
    0,
    22,
    "const",
  ],
  [
    0,
    23,
    "mul",
  ],
  [
    0,
    24,
    "div",
  ],
  [
    0,
    25,
    "sr",
  ],
  [
    0,
    26,
    "add",
  ],
  [
    0,
    27,
    "const",
  ],
  [
    0,
    28,
    "mul",
  ],
  [
    0,
    29,
    "mul",
  ],
  [
    0,
    30,
    "le",
  ],
  [
    0,
    31,
    "add",
  ],
  [
    0,
    32,
    "phasor",
  ],
  [
    0,
    33,
    "const",
  ],
  [
    0,
    34,
    "const",
  ],
  [
    0,
    35,
    "mul",
  ],
  [
    0,
    36,
    "mul",
  ],
  [
    0,
    37,
    "le",
  ],
  [
    0,
    38,
    "const",
  ],
  [
    0,
    39,
    "counter",
  ],
  [
    0,
    40,
    "mul",
  ],
  [
    0,
    41,
    "sub",
  ],
  [
    0,
    42,
    "sub",
  ],
  [
    0,
    43,
    "const",
  ],
  [
    0,
    44,
    "sub",
  ],
  [
    0,
    45,
    "add",
  ],
  [
    0,
    46,
    "mul",
  ],
  [
    0,
    47,
    "mul",
  ],
  [
    0,
    48,
    "add",
  ],
  [
    0,
    49,
    "mul",
  ],
  [
    0,
    50,
    "mul",
  ],
  [
    0,
    51,
    "const",
  ],
  [
    0,
    52,
    "add",
  ],
  [
    0,
    53,
    "sub",
  ],
  [
    0,
    54,
    "sub",
  ],
  [
    0,
    55,
    "sub",
  ],
  [
    0,
    56,
    "sub",
  ],
  [
    0,
    57,
    "sub",
  ],
  [
    0,
    58,
    "add",
  ],
  [
    0,
    59,
    "mul",
  ],
  [
    0,
    60,
    "const",
  ],
  [
    0,
    61,
    "phasor",
  ],
  [
    0,
    62,
    "mul",
  ],
  [
    0,
    63,
    "seq",
  ],
  [
    0,
    64,
    "const",
  ],
  [
    0,
    65,
    "mul",
  ],
  [
    0,
    66,
    "mul",
  ],
  [
    0,
    67,
    "le",
  ],
  [
    0,
    68,
    "sub",
  ],
  [
    0,
    69,
    "div",
  ],
  [
    0,
    70,
    "mul",
  ],
  [
    0,
    71,
    "mul",
  ],
  [
    0,
    72,
    "div",
  ],
  [
    0,
    73,
    "ge",
  ],
  [
    0,
    74,
    "add",
  ],
  [
    0,
    75,
    "sub",
  ],
  [
    0,
    76,
    "mul",
  ],
  [
    0,
    77,
    "mul",
  ],
  [
    0,
    78,
    "div",
  ],
  [
    0,
    79,
    "sub",
  ],
  [
    0,
    80,
    "add",
  ],
  [
    0,
    81,
    "add",
  ],
  [
    0,
    82,
    "sub",
  ],
  [
    0,
    83,
    "add",
  ],
  [
    0,
    84,
    "mul",
  ],
  [
    0,
    85,
    "le",
  ],
  [
    0,
    86,
    "phasor",
  ],
  [
    0,
    87,
    "mul",
  ],
  [
    0,
    88,
    "const",
  ],
  [
    0,
    89,
    "mul",
  ],
  [
    0,
    90,
    "mul",
  ],
  [
    0,
    91,
    "le",
  ],
  [
    0,
    92,
    "sub",
  ],
  [
    0,
    93,
    "div",
  ],
  [
    0,
    94,
    "mul",
  ],
  [
    0,
    95,
    "mul",
  ],
  [
    0,
    96,
    "div",
  ],
  [
    0,
    97,
    "ge",
  ],
  [
    0,
    98,
    "add",
  ],
  [
    0,
    99,
    "sub",
  ],
  [
    0,
    100,
    "mul",
  ],
  [
    0,
    101,
    "mul",
  ],
  [
    0,
    102,
    "div",
  ],
  [
    0,
    103,
    "sub",
  ],
  [
    0,
    104,
    "mul",
  ],
  [
    0,
    105,
    "mul",
  ],
  [
    0,
    106,
    "le",
  ],
  [
    0,
    107,
    "sub",
  ],
  [
    0,
    108,
    "mod",
  ],
  [
    0,
    109,
    "add",
  ],
  [
    0,
    110,
    "mul",
  ],
  [
    0,
    111,
    "mul",
  ],
  [
    0,
    112,
    "div",
  ],
  [
    0,
    113,
    "ge",
  ],
  [
    0,
    114,
    "add",
  ],
  [
    0,
    115,
    "mul",
  ],
  [
    0,
    116,
    "mul",
  ],
  [
    0,
    117,
    "div",
  ],
  [
    0,
    118,
    "sub",
  ],
  [
    0,
    119,
    "add",
  ],
  [
    0,
    120,
    "add",
  ],
  [
    0,
    121,
    "sub",
  ],
  [
    0,
    122,
    "add",
  ],
  [
    0,
    123,
    "mul",
  ],
  [
    0,
    124,
    "le",
  ],
  [
    0,
    125,
    "phasor",
  ],
  [
    0,
    126,
    "mul",
  ],
  [
    0,
    127,
    "const",
  ],
  [
    0,
    128,
    "mul",
  ],
  [
    0,
    129,
    "mul",
  ],
  [
    0,
    130,
    "le",
  ],
  [
    0,
    131,
    "sub",
  ],
  [
    0,
    132,
    "div",
  ],
  [
    0,
    133,
    "mul",
  ],
  [
    0,
    134,
    "mul",
  ],
  [
    0,
    135,
    "div",
  ],
  [
    0,
    136,
    "ge",
  ],
  [
    0,
    137,
    "add",
  ],
  [
    0,
    138,
    "sub",
  ],
  [
    0,
    139,
    "mul",
  ],
  [
    0,
    140,
    "mul",
  ],
  [
    0,
    141,
    "div",
  ],
  [
    0,
    142,
    "sub",
  ],
  [
    0,
    143,
    "mul",
  ],
  [
    0,
    144,
    "mul",
  ],
  [
    0,
    145,
    "le",
  ],
  [
    0,
    146,
    "sub",
  ],
  [
    0,
    147,
    "mod",
  ],
  [
    0,
    148,
    "add",
  ],
  [
    0,
    149,
    "mul",
  ],
  [
    0,
    150,
    "mul",
  ],
  [
    0,
    151,
    "div",
  ],
  [
    0,
    152,
    "ge",
  ],
  [
    0,
    153,
    "add",
  ],
  [
    0,
    154,
    "mul",
  ],
  [
    0,
    155,
    "mul",
  ],
  [
    0,
    156,
    "div",
  ],
  [
    0,
    157,
    "sub",
  ],
  [
    0,
    158,
    "sub",
  ],
  [
    0,
    159,
    "add",
  ],
  [
    0,
    160,
    "mul",
  ],
  [
    0,
    161,
    "phasor",
  ],
  [
    0,
    162,
    "mul",
  ],
  [
    0,
    163,
    "const",
  ],
  [
    0,
    164,
    "mul",
  ],
  [
    0,
    165,
    "mul",
  ],
  [
    0,
    166,
    "le",
  ],
  [
    0,
    167,
    "sub",
  ],
  [
    0,
    168,
    "div",
  ],
  [
    0,
    169,
    "mul",
  ],
  [
    0,
    170,
    "mul",
  ],
  [
    0,
    171,
    "div",
  ],
  [
    0,
    172,
    "ge",
  ],
  [
    0,
    173,
    "add",
  ],
  [
    0,
    174,
    "sub",
  ],
  [
    0,
    175,
    "mul",
  ],
  [
    0,
    176,
    "mul",
  ],
  [
    0,
    177,
    "div",
  ],
  [
    0,
    178,
    "sub",
  ],
  [
    0,
    179,
    "root",
  ],
  [
    2,
    0,
    1,
  ],
  [
    2,
    1,
    2,
  ],
  [
    2,
    1,
    3,
  ],
  [
    2,
    3,
    4,
  ],
  [
    2,
    3,
    5,
  ],
  [
    2,
    3,
    6,
  ],
  [
    2,
    4,
    7,
  ],
  [
    2,
    4,
    8,
  ],
  [
    2,
    6,
    2,
  ],
  [
    2,
    6,
    52,
  ],
  [
    2,
    8,
    9,
  ],
  [
    2,
    8,
    10,
  ],
  [
    2,
    9,
    11,
  ],
  [
    2,
    9,
    12,
  ],
  [
    2,
    10,
    19,
  ],
  [
    2,
    10,
    20,
  ],
  [
    2,
    12,
    13,
  ],
  [
    2,
    12,
    14,
  ],
  [
    2,
    14,
    15,
  ],
  [
    2,
    15,
    16,
  ],
  [
    2,
    15,
    17,
  ],
  [
    2,
    17,
    18,
  ],
  [
    2,
    19,
    21,
  ],
  [
    2,
    20,
    44,
  ],
  [
    2,
    20,
    45,
  ],
  [
    2,
    21,
    22,
  ],
  [
    2,
    21,
    23,
  ],
  [
    2,
    23,
    24,
  ],
  [
    2,
    23,
    25,
  ],
  [
    2,
    24,
    26,
  ],
  [
    2,
    24,
    27,
  ],
  [
    2,
    26,
    28,
  ],
  [
    2,
    26,
    29,
  ],
  [
    2,
    28,
    30,
  ],
  [
    2,
    28,
    31,
  ],
  [
    2,
    29,
    42,
  ],
  [
    2,
    29,
    43,
  ],
  [
    2,
    30,
    32,
  ],
  [
    2,
    30,
    33,
  ],
  [
    2,
    31,
    35,
  ],
  [
    2,
    31,
    36,
  ],
  [
    2,
    32,
    34,
  ],
  [
    2,
    35,
    37,
  ],
  [
    2,
    35,
    38,
  ],
  [
    2,
    36,
    41,
  ],
  [
    2,
    36,
    33,
  ],
  [
    2,
    37,
    39,
  ],
  [
    2,
    37,
    40,
  ],
  [
    2,
    39,
    30,
  ],
  [
    2,
    40,
    38,
  ],
  [
    2,
    40,
    25,
  ],
  [
    2,
    41,
    5,
  ],
  [
    2,
    41,
    37,
  ],
  [
    2,
    42,
    5,
  ],
  [
    2,
    42,
    30,
  ],
  [
    2,
    44,
    5,
  ],
  [
    2,
    44,
    19,
  ],
  [
    2,
    45,
    46,
  ],
  [
    2,
    45,
    47,
  ],
  [
    2,
    46,
    30,
  ],
  [
    2,
    46,
    48,
  ],
  [
    2,
    47,
    42,
  ],
  [
    2,
    47,
    51,
  ],
  [
    2,
    48,
    49,
  ],
  [
    2,
    48,
    50,
  ],
  [
    2,
    49,
    37,
  ],
  [
    2,
    49,
    5,
  ],
  [
    2,
    50,
    41,
  ],
  [
    2,
    50,
    51,
  ],
  [
    2,
    52,
    53,
  ],
  [
    2,
    52,
    54,
  ],
  [
    2,
    52,
    55,
  ],
  [
    2,
    52,
    56,
  ],
  [
    2,
    53,
    57,
  ],
  [
    2,
    53,
    58,
  ],
  [
    2,
    54,
    80,
  ],
  [
    2,
    54,
    81,
  ],
  [
    2,
    55,
    119,
  ],
  [
    2,
    55,
    120,
  ],
  [
    2,
    56,
    158,
  ],
  [
    2,
    56,
    159,
  ],
  [
    2,
    57,
    59,
  ],
  [
    2,
    57,
    5,
  ],
  [
    2,
    58,
    65,
  ],
  [
    2,
    58,
    66,
  ],
  [
    2,
    59,
    60,
  ],
  [
    2,
    59,
    61,
  ],
  [
    2,
    61,
    62,
  ],
  [
    2,
    62,
    63,
  ],
  [
    2,
    62,
    64,
  ],
  [
    2,
    63,
    30,
  ],
  [
    2,
    63,
    51,
  ],
  [
    2,
    65,
    67,
  ],
  [
    2,
    65,
    68,
  ],
  [
    2,
    66,
    73,
  ],
  [
    2,
    66,
    74,
  ],
  [
    2,
    67,
    61,
  ],
  [
    2,
    67,
    69,
  ],
  [
    2,
    68,
    70,
  ],
  [
    2,
    68,
    71,
  ],
  [
    2,
    68,
    5,
  ],
  [
    2,
    69,
    62,
  ],
  [
    2,
    69,
    25,
  ],
  [
    2,
    70,
    60,
  ],
  [
    2,
    70,
    72,
  ],
  [
    2,
    71,
    72,
  ],
  [
    2,
    71,
    72,
  ],
  [
    2,
    72,
    61,
  ],
  [
    2,
    72,
    69,
  ],
  [
    2,
    73,
    61,
  ],
  [
    2,
    73,
    75,
  ],
  [
    2,
    74,
    76,
  ],
  [
    2,
    74,
    77,
  ],
  [
    2,
    74,
    5,
  ],
  [
    2,
    75,
    5,
  ],
  [
    2,
    75,
    69,
  ],
  [
    2,
    76,
    60,
  ],
  [
    2,
    76,
    78,
  ],
  [
    2,
    77,
    78,
  ],
  [
    2,
    77,
    78,
  ],
  [
    2,
    78,
    79,
  ],
  [
    2,
    78,
    69,
  ],
  [
    2,
    79,
    61,
  ],
  [
    2,
    79,
    5,
  ],
  [
    2,
    80,
    82,
  ],
  [
    2,
    80,
    83,
  ],
  [
    2,
    81,
    104,
  ],
  [
    2,
    81,
    105,
  ],
  [
    2,
    82,
    84,
  ],
  [
    2,
    82,
    5,
  ],
  [
    2,
    83,
    89,
  ],
  [
    2,
    83,
    90,
  ],
  [
    2,
    84,
    60,
  ],
  [
    2,
    84,
    85,
  ],
  [
    2,
    85,
    86,
  ],
  [
    2,
    85,
    33,
  ],
  [
    2,
    86,
    87,
  ],
  [
    2,
    87,
    63,
  ],
  [
    2,
    87,
    88,
  ],
  [
    2,
    89,
    91,
  ],
  [
    2,
    89,
    92,
  ],
  [
    2,
    90,
    97,
  ],
  [
    2,
    90,
    98,
  ],
  [
    2,
    91,
    86,
  ],
  [
    2,
    91,
    93,
  ],
  [
    2,
    92,
    94,
  ],
  [
    2,
    92,
    95,
  ],
  [
    2,
    92,
    5,
  ],
  [
    2,
    93,
    87,
  ],
  [
    2,
    93,
    25,
  ],
  [
    2,
    94,
    60,
  ],
  [
    2,
    94,
    96,
  ],
  [
    2,
    95,
    96,
  ],
  [
    2,
    95,
    96,
  ],
  [
    2,
    96,
    86,
  ],
  [
    2,
    96,
    93,
  ],
  [
    2,
    97,
    86,
  ],
  [
    2,
    97,
    99,
  ],
  [
    2,
    98,
    100,
  ],
  [
    2,
    98,
    101,
  ],
  [
    2,
    98,
    5,
  ],
  [
    2,
    99,
    5,
  ],
  [
    2,
    99,
    93,
  ],
  [
    2,
    100,
    60,
  ],
  [
    2,
    100,
    102,
  ],
  [
    2,
    101,
    102,
  ],
  [
    2,
    101,
    102,
  ],
  [
    2,
    102,
    103,
  ],
  [
    2,
    102,
    93,
  ],
  [
    2,
    103,
    86,
  ],
  [
    2,
    103,
    5,
  ],
  [
    2,
    104,
    106,
  ],
  [
    2,
    104,
    107,
  ],
  [
    2,
    105,
    113,
  ],
  [
    2,
    105,
    114,
  ],
  [
    2,
    106,
    108,
  ],
  [
    2,
    106,
    93,
  ],
  [
    2,
    107,
    110,
  ],
  [
    2,
    107,
    111,
  ],
  [
    2,
    107,
    5,
  ],
  [
    2,
    108,
    109,
  ],
  [
    2,
    108,
    5,
  ],
  [
    2,
    109,
    86,
  ],
  [
    2,
    109,
    33,
  ],
  [
    2,
    110,
    60,
  ],
  [
    2,
    110,
    112,
  ],
  [
    2,
    111,
    112,
  ],
  [
    2,
    111,
    112,
  ],
  [
    2,
    112,
    108,
  ],
  [
    2,
    112,
    93,
  ],
  [
    2,
    113,
    108,
  ],
  [
    2,
    113,
    99,
  ],
  [
    2,
    114,
    115,
  ],
  [
    2,
    114,
    116,
  ],
  [
    2,
    114,
    5,
  ],
  [
    2,
    115,
    60,
  ],
  [
    2,
    115,
    117,
  ],
  [
    2,
    116,
    117,
  ],
  [
    2,
    116,
    117,
  ],
  [
    2,
    117,
    118,
  ],
  [
    2,
    117,
    93,
  ],
  [
    2,
    118,
    108,
  ],
  [
    2,
    118,
    5,
  ],
  [
    2,
    119,
    121,
  ],
  [
    2,
    119,
    122,
  ],
  [
    2,
    120,
    143,
  ],
  [
    2,
    120,
    144,
  ],
  [
    2,
    121,
    123,
  ],
  [
    2,
    121,
    5,
  ],
  [
    2,
    122,
    128,
  ],
  [
    2,
    122,
    129,
  ],
  [
    2,
    123,
    60,
  ],
  [
    2,
    123,
    124,
  ],
  [
    2,
    124,
    125,
  ],
  [
    2,
    124,
    33,
  ],
  [
    2,
    125,
    126,
  ],
  [
    2,
    126,
    63,
  ],
  [
    2,
    126,
    127,
  ],
  [
    2,
    128,
    130,
  ],
  [
    2,
    128,
    131,
  ],
  [
    2,
    129,
    136,
  ],
  [
    2,
    129,
    137,
  ],
  [
    2,
    130,
    125,
  ],
  [
    2,
    130,
    132,
  ],
  [
    2,
    131,
    133,
  ],
  [
    2,
    131,
    134,
  ],
  [
    2,
    131,
    5,
  ],
  [
    2,
    132,
    126,
  ],
  [
    2,
    132,
    25,
  ],
  [
    2,
    133,
    60,
  ],
  [
    2,
    133,
    135,
  ],
  [
    2,
    134,
    135,
  ],
  [
    2,
    134,
    135,
  ],
  [
    2,
    135,
    125,
  ],
  [
    2,
    135,
    132,
  ],
  [
    2,
    136,
    125,
  ],
  [
    2,
    136,
    138,
  ],
  [
    2,
    137,
    139,
  ],
  [
    2,
    137,
    140,
  ],
  [
    2,
    137,
    5,
  ],
  [
    2,
    138,
    5,
  ],
  [
    2,
    138,
    132,
  ],
  [
    2,
    139,
    60,
  ],
  [
    2,
    139,
    141,
  ],
  [
    2,
    140,
    141,
  ],
  [
    2,
    140,
    141,
  ],
  [
    2,
    141,
    142,
  ],
  [
    2,
    141,
    132,
  ],
  [
    2,
    142,
    125,
  ],
  [
    2,
    142,
    5,
  ],
  [
    2,
    143,
    145,
  ],
  [
    2,
    143,
    146,
  ],
  [
    2,
    144,
    152,
  ],
  [
    2,
    144,
    153,
  ],
  [
    2,
    145,
    147,
  ],
  [
    2,
    145,
    132,
  ],
  [
    2,
    146,
    149,
  ],
  [
    2,
    146,
    150,
  ],
  [
    2,
    146,
    5,
  ],
  [
    2,
    147,
    148,
  ],
  [
    2,
    147,
    5,
  ],
  [
    2,
    148,
    125,
  ],
  [
    2,
    148,
    33,
  ],
  [
    2,
    149,
    60,
  ],
  [
    2,
    149,
    151,
  ],
  [
    2,
    150,
    151,
  ],
  [
    2,
    150,
    151,
  ],
  [
    2,
    151,
    147,
  ],
  [
    2,
    151,
    132,
  ],
  [
    2,
    152,
    147,
  ],
  [
    2,
    152,
    138,
  ],
  [
    2,
    153,
    154,
  ],
  [
    2,
    153,
    155,
  ],
  [
    2,
    153,
    5,
  ],
  [
    2,
    154,
    60,
  ],
  [
    2,
    154,
    156,
  ],
  [
    2,
    155,
    156,
  ],
  [
    2,
    155,
    156,
  ],
  [
    2,
    156,
    157,
  ],
  [
    2,
    156,
    132,
  ],
  [
    2,
    157,
    147,
  ],
  [
    2,
    157,
    5,
  ],
  [
    2,
    158,
    160,
  ],
  [
    2,
    158,
    5,
  ],
  [
    2,
    159,
    164,
  ],
  [
    2,
    159,
    165,
  ],
  [
    2,
    160,
    60,
  ],
  [
    2,
    160,
    161,
  ],
  [
    2,
    161,
    162,
  ],
  [
    2,
    162,
    63,
  ],
  [
    2,
    162,
    163,
  ],
  [
    2,
    164,
    166,
  ],
  [
    2,
    164,
    167,
  ],
  [
    2,
    165,
    172,
  ],
  [
    2,
    165,
    173,
  ],
  [
    2,
    166,
    161,
  ],
  [
    2,
    166,
    168,
  ],
  [
    2,
    167,
    169,
  ],
  [
    2,
    167,
    170,
  ],
  [
    2,
    167,
    5,
  ],
  [
    2,
    168,
    162,
  ],
  [
    2,
    168,
    25,
  ],
  [
    2,
    169,
    60,
  ],
  [
    2,
    169,
    171,
  ],
  [
    2,
    170,
    171,
  ],
  [
    2,
    170,
    171,
  ],
  [
    2,
    171,
    161,
  ],
  [
    2,
    171,
    168,
  ],
  [
    2,
    172,
    161,
  ],
  [
    2,
    172,
    174,
  ],
  [
    2,
    173,
    175,
  ],
  [
    2,
    173,
    176,
  ],
  [
    2,
    173,
    5,
  ],
  [
    2,
    174,
    5,
  ],
  [
    2,
    174,
    168,
  ],
  [
    2,
    175,
    60,
  ],
  [
    2,
    175,
    177,
  ],
  [
    2,
    176,
    177,
  ],
  [
    2,
    176,
    177,
  ],
  [
    2,
    177,
    178,
  ],
  [
    2,
    177,
    168,
  ],
  [
    2,
    178,
    161,
  ],
  [
    2,
    178,
    5,
  ],
  [
    2,
    179,
    1,
  ],
  [
    3,
    0,
    "channel",
    0,
  ],
  [
    3,
    2,
    "value",
    0.25,
  ],
  [
    3,
    3,
    "mode",
    "lowpass",
  ],
  [
    3,
    5,
    "value",
    1,
  ],
  [
    3,
    7,
    "value",
    40,
  ],
  [
    3,
    11,
    "value",
    1840,
  ],
  [
    3,
    13,
    "value",
    1800,
  ],
  [
    3,
    16,
    "value",
    6.283185307179586,
  ],
  [
    3,
    18,
    "value",
    0.05,
  ],
  [
    3,
    22,
    "value",
    -1,
  ],
  [
    3,
    27,
    "value",
    6.91,
  ],
  [
    3,
    33,
    "value",
    0.5,
  ],
  [
    3,
    34,
    "value",
    4.8,
  ],
  [
    3,
    38,
    "value",
    0.01,
  ],
  [
    3,
    43,
    "value",
    0.4,
  ],
  [
    3,
    51,
    "value",
    0,
  ],
  [
    3,
    60,
    "value",
    2,
  ],
  [
    3,
    63,
    "seq",
    [
      130.815,
      164.81657214199782,
      196.0010402616231,
      246.94583642691148,
      261.63,
      246.94583642691148,
      196.0010402616231,
      164.81657214199782,
    ],
  ],
  [
    3,
    63,
    "hold",
    true,
  ],
  [
    3,
    64,
    "value",
    1.001,
  ],
  [
    3,
    88,
    "value",
    0.994,
  ],
  [
    3,
    127,
    "value",
    0.501,
  ],
  [
    3,
    163,
    "value",
    0.496,
  ],
  [
    3,
    179,
    "channel",
    1,
  ],
  [
    4,
    [
      0,
      179,
    ],
  ],
  [
    5,
  ],
]
`;
